[study.eeua.ru/abidjan.html]
[backblue.gif]
[fade.gif]
[index.html]
[static.tildacdn.com/tild3138-3962-4231-b639-323335643431/-/resize/504x/Main_1.jpg]
[static.tildacdn.com/css/tilda-grid-3.0.min.css]
[tilda.ws/project741630/tilda-blocks-2.12c221.css]
[static.tildacdn.com/css/tilda-animation-1.0.min.css]
[static.tildacdn.com/js/jquery-1.10.2.min.js]
[static.tildacdn.com/js/tilda-scripts-2.8.min.js]
[tilda.ws/project741630/tilda-blocks-2.7c221.js]
[static.tildacdn.com/js/lazyload-1.3.min.js]
[static.tildacdn.com/js/tilda-animation-1.0.min.js]
[static.tildacdn.com/js/tilda-forms-1.0.min.js]
[connect.facebook.net/en_US/fbevents.js]
[static.tildacdn.com/tild3138-3962-4231-b639-323335643431/-/resize/20x/Main_1.jpg]
[static.tildacdn.com/tild3963-3462-4332-b864-656464636635/-/empty/Medicall_french.png]
[static.tildacdn.com/tild6166-3334-4830-b661-376533333435/-/empty/Engineering_french.png]
[static.tildacdn.com/tild6137-3536-4564-b862-306533376562/-/empty/Aviation2.png]
[static.tildacdn.com/tild3864-6338-4432-b130-303639623731/-/empty/Management.png]
[static.tildacdn.com/tild3866-3035-4739-a236-353064643162/-/empty/Art_and_culture_2.png]
[static.tildacdn.com/tild6466-6664-4365-b566-656237303737/-/empty/Ecology_3.png]
[study.eeua.ru/page2997221.html]
[static.tildacdn.com/tild3930-3432-4963-b864-643165386134/-/resizeb/20x/1.jpg]
[study.eeua.ru/page2997222.html]
[static.tildacdn.com/tild3839-6561-4136-a163-633330613263/-/resizeb/20x/2.jpg]
[study.eeua.ru/page2997224.html]
[static.tildacdn.com/tild3462-6137-4533-b832-636233376431/-/resizeb/20x/4.jpg]
[study.eeua.ru/page2997223.html]
[static.tildacdn.com/tild3235-6162-4536-a265-303531366565/-/resizeb/20x/3.jpg]
[static.tildacdn.com/tild3233-6466-4634-b730-363733663131/-/resizeb/20x/1.jpg]
[study.eeua.ru/apply_abidjan.html]
[study.eeua.ru/abidjan.html]
[static.tildacdn.com/css/tilda-grid-3.0.min.css]
[tilda.ws/project741630/tilda-blocks-2.12c221.css]
[static.tildacdn.com/css/tilda-animation-1.0.min.css]
[tilda.ws/project741630/tilda-blocks-2.7c221.js]
[stat.tildacdn.com/js/tildastat-0.2.min.js]
[connect.facebook.net/en_US/fbevents.js]
[study.eeua.ru/page2997221.html]
[study.eeua.ru/page2997222.html]
[study.eeua.ru/page2997224.html]
[study.eeua.ru/page2997223.html]
[static.tildacdn.com/tild3434-3630-4765-a139-346538373161/-/resize/504x/42.jpg]
[tilda.ws/project741630/tilda-blocks-2.128662.css]
[study.eeua.ru/apply_abidjan.html]
[study.eeua.ru/index.html]
[study.eeua.ru/tilda/popup/index.html]
[study.eeua.ru/tab/index.html]
[study.eeua.ru/#!/tab/index.html]
[tilda.ws/project741630/tilda-blocks-2.128662.css]
[tilda.ws/project741630/tilda-blocks-2.78662.js]
[tilda.ws/project741630/tilda-blocks-2.78662.js]
